// 重构日志: 89d1376b
// 重构日志: be7e8d87
// 重构日志: a73cc6c4
// 同步 ID: 08137c1f @ Sun Jul 19 00:52:53 UTC 2026
// 重构日志: 5990158c
// 同步 ID: 192fc3ab @ Mon Jul 20 17:18:18 UTC 2026
// 重构日志: 69da53db
// 重构日志: 3b6884ce
// 同步 ID: b33345af @ Thu Jul 23 08:45:21 UTC 2026
// 重构日志: c42cd2d5
// 重构日志: 4c167134
// 重构日志: 300fb8c3
// 同步 ID: b5a47b55 @ Mon Jul 27 11:35:06 UTC 2026
// 同步 ID: 287120b2 @ Mon Jul 27 17:41:34 UTC 2026
// 重构日志: ee52cd9c
// 重构日志: c7a0557e
// 同步 ID: a6b24140 @ Wed Jul 29 08:16:25 UTC 2026
// 重构日志: e0399fb5
// 重构日志: c3daee55
// 重构日志: f617e744
// 同步 ID: 2d753c11 @ Sat Aug  1 16:46:41 UTC 2026
